------------------------------------------------------------
TimeQuest Timing Analyzer Summary
------------------------------------------------------------

Type  : Slow 1200mV 85C Model Setup 'CLOCK_50'
Slack : -2.751
TNS   : -87.316

Type  : Slow 1200mV 85C Model Setup 'audio1:audiocontrol|I2C_AV_Config:u3|mI2C_CTRL_CLK'
Slack : -2.531
TNS   : -106.421

Type  : Slow 1200mV 85C Model Setup 'audio1:audiocontrol|audio_clock:u4|oAUD_BCK'
Slack : -1.319
TNS   : -36.290

Type  : Slow 1200mV 85C Model Setup 'audiocontrol|p1|altpll_component|pll|clk[1]'
Slack : -0.748
TNS   : -1.496

Type  : Slow 1200mV 85C Model Setup 'audio1:audiocontrol|audio_clock:u4|LRCK_1X'
Slack : -0.672
TNS   : -9.249

Type  : Slow 1200mV 85C Model Setup 'solved'
Slack : -0.451
TNS   : -0.451

Type  : Slow 1200mV 85C Model Hold 'audio1:audiocontrol|audio_clock:u4|oAUD_BCK'
Slack : -0.876
TNS   : -23.368

Type  : Slow 1200mV 85C Model Hold 'audiocontrol|p1|altpll_component|pll|clk[1]'
Slack : -0.165
TNS   : -0.330

Type  : Slow 1200mV 85C Model Hold 'CLOCK_50'
Slack : -0.004
TNS   : -0.004

Type  : Slow 1200mV 85C Model Hold 'solved'
Slack : 0.021
TNS   : 0.000

Type  : Slow 1200mV 85C Model Hold 'audio1:audiocontrol|I2C_AV_Config:u3|mI2C_CTRL_CLK'
Slack : 0.403
TNS   : 0.000

Type  : Slow 1200mV 85C Model Hold 'audio1:audiocontrol|audio_clock:u4|LRCK_1X'
Slack : 0.421
TNS   : 0.000

Type  : Slow 1200mV 85C Model Recovery 'audiocontrol|p1|altpll_component|pll|clk[1]'
Slack : -5.048
TNS   : -66.964

Type  : Slow 1200mV 85C Model Recovery 'audio1:audiocontrol|audio_clock:u4|oAUD_BCK'
Slack : -0.311
TNS   : -1.244

Type  : Slow 1200mV 85C Model Removal 'audio1:audiocontrol|audio_clock:u4|oAUD_BCK'
Slack : 0.657
TNS   : 0.000

Type  : Slow 1200mV 85C Model Removal 'audiocontrol|p1|altpll_component|pll|clk[1]'
Slack : 3.552
TNS   : 0.000

Type  : Slow 1200mV 85C Model Minimum Pulse Width 'CLOCK_50'
Slack : -3.000
TNS   : -54.400

Type  : Slow 1200mV 85C Model Minimum Pulse Width 'solved'
Slack : -3.000
TNS   : -3.000

Type  : Slow 1200mV 85C Model Minimum Pulse Width 'audio1:audiocontrol|I2C_AV_Config:u3|mI2C_CTRL_CLK'
Slack : -1.285
TNS   : -74.530

Type  : Slow 1200mV 85C Model Minimum Pulse Width 'audio1:audiocontrol|audio_clock:u4|oAUD_BCK'
Slack : -1.285
TNS   : -46.260

Type  : Slow 1200mV 85C Model Minimum Pulse Width 'audio1:audiocontrol|audio_clock:u4|LRCK_1X'
Slack : -1.285
TNS   : -41.120

Type  : Slow 1200mV 85C Model Minimum Pulse Width 'CLOCK_27'
Slack : 18.410
TNS   : 0.000

Type  : Slow 1200mV 85C Model Minimum Pulse Width 'audiocontrol|p1|altpll_component|pll|clk[1]'
Slack : 27.484
TNS   : 0.000

Type  : Slow 1200mV 0C Model Setup 'CLOCK_50'
Slack : -2.416
TNS   : -76.403

Type  : Slow 1200mV 0C Model Setup 'audio1:audiocontrol|I2C_AV_Config:u3|mI2C_CTRL_CLK'
Slack : -2.252
TNS   : -92.516

Type  : Slow 1200mV 0C Model Setup 'audio1:audiocontrol|audio_clock:u4|oAUD_BCK'
Slack : -1.105
TNS   : -29.830

Type  : Slow 1200mV 0C Model Setup 'audiocontrol|p1|altpll_component|pll|clk[1]'
Slack : -0.562
TNS   : -1.124

Type  : Slow 1200mV 0C Model Setup 'audio1:audiocontrol|audio_clock:u4|LRCK_1X'
Slack : -0.505
TNS   : -4.953

Type  : Slow 1200mV 0C Model Setup 'solved'
Slack : -0.411
TNS   : -0.411

Type  : Slow 1200mV 0C Model Hold 'audio1:audiocontrol|audio_clock:u4|oAUD_BCK'
Slack : -0.749
TNS   : -20.231

Type  : Slow 1200mV 0C Model Hold 'audiocontrol|p1|altpll_component|pll|clk[1]'
Slack : -0.271
TNS   : -0.542

Type  : Slow 1200mV 0C Model Hold 'CLOCK_50'
Slack : 0.047
TNS   : 0.000

Type  : Slow 1200mV 0C Model Hold 'solved'
Slack : 0.105
TNS   : 0.000

Type  : Slow 1200mV 0C Model Hold 'audio1:audiocontrol|I2C_AV_Config:u3|mI2C_CTRL_CLK'
Slack : 0.353
TNS   : 0.000

Type  : Slow 1200mV 0C Model Hold 'audio1:audiocontrol|audio_clock:u4|LRCK_1X'
Slack : 0.378
TNS   : 0.000

Type  : Slow 1200mV 0C Model Recovery 'audiocontrol|p1|altpll_component|pll|clk[1]'
Slack : -4.507
TNS   : -59.678

Type  : Slow 1200mV 0C Model Recovery 'audio1:audiocontrol|audio_clock:u4|oAUD_BCK'
Slack : -0.317
TNS   : -1.268

Type  : Slow 1200mV 0C Model Removal 'audio1:audiocontrol|audio_clock:u4|oAUD_BCK'
Slack : 0.702
TNS   : 0.000

Type  : Slow 1200mV 0C Model Removal 'audiocontrol|p1|altpll_component|pll|clk[1]'
Slack : 3.092
TNS   : 0.000

Type  : Slow 1200mV 0C Model Minimum Pulse Width 'CLOCK_50'
Slack : -3.000
TNS   : -54.400

Type  : Slow 1200mV 0C Model Minimum Pulse Width 'solved'
Slack : -3.000
TNS   : -3.000

Type  : Slow 1200mV 0C Model Minimum Pulse Width 'audio1:audiocontrol|I2C_AV_Config:u3|mI2C_CTRL_CLK'
Slack : -1.285
TNS   : -74.530

Type  : Slow 1200mV 0C Model Minimum Pulse Width 'audio1:audiocontrol|audio_clock:u4|oAUD_BCK'
Slack : -1.285
TNS   : -46.260

Type  : Slow 1200mV 0C Model Minimum Pulse Width 'audio1:audiocontrol|audio_clock:u4|LRCK_1X'
Slack : -1.285
TNS   : -41.120

Type  : Slow 1200mV 0C Model Minimum Pulse Width 'CLOCK_27'
Slack : 18.406
TNS   : 0.000

Type  : Slow 1200mV 0C Model Minimum Pulse Width 'audiocontrol|p1|altpll_component|pll|clk[1]'
Slack : 27.476
TNS   : 0.000

Type  : Fast 1200mV 0C Model Setup 'CLOCK_50'
Slack : -0.868
TNS   : -23.049

Type  : Fast 1200mV 0C Model Setup 'audio1:audiocontrol|I2C_AV_Config:u3|mI2C_CTRL_CLK'
Slack : -0.730
TNS   : -22.328

Type  : Fast 1200mV 0C Model Setup 'audiocontrol|p1|altpll_component|pll|clk[1]'
Slack : -0.461
TNS   : -0.922

Type  : Fast 1200mV 0C Model Setup 'audio1:audiocontrol|audio_clock:u4|oAUD_BCK'
Slack : -0.138
TNS   : -1.655

Type  : Fast 1200mV 0C Model Setup 'audio1:audiocontrol|audio_clock:u4|LRCK_1X'
Slack : -0.032
TNS   : -0.230

Type  : Fast 1200mV 0C Model Setup 'solved'
Slack : 0.419
TNS   : 0.000

Type  : Fast 1200mV 0C Model Hold 'audio1:audiocontrol|audio_clock:u4|oAUD_BCK'
Slack : -0.531
TNS   : -13.704

Type  : Fast 1200mV 0C Model Hold 'CLOCK_50'
Slack : -0.183
TNS   : -0.183

Type  : Fast 1200mV 0C Model Hold 'solved'
Slack : -0.136
TNS   : -0.136

Type  : Fast 1200mV 0C Model Hold 'audiocontrol|p1|altpll_component|pll|clk[1]'
Slack : -0.088
TNS   : -0.176

Type  : Fast 1200mV 0C Model Hold 'audio1:audiocontrol|audio_clock:u4|LRCK_1X'
Slack : 0.144
TNS   : 0.000

Type  : Fast 1200mV 0C Model Hold 'audio1:audiocontrol|I2C_AV_Config:u3|mI2C_CTRL_CLK'
Slack : 0.182
TNS   : 0.000

Type  : Fast 1200mV 0C Model Recovery 'audiocontrol|p1|altpll_component|pll|clk[1]'
Slack : -2.699
TNS   : -36.049

Type  : Fast 1200mV 0C Model Recovery 'audio1:audiocontrol|audio_clock:u4|oAUD_BCK'
Slack : 0.164
TNS   : 0.000

Type  : Fast 1200mV 0C Model Removal 'audio1:audiocontrol|audio_clock:u4|oAUD_BCK'
Slack : 0.408
TNS   : 0.000

Type  : Fast 1200mV 0C Model Removal 'audiocontrol|p1|altpll_component|pll|clk[1]'
Slack : 1.792
TNS   : 0.000

Type  : Fast 1200mV 0C Model Minimum Pulse Width 'CLOCK_50'
Slack : -3.000
TNS   : -45.343

Type  : Fast 1200mV 0C Model Minimum Pulse Width 'solved'
Slack : -3.000
TNS   : -3.152

Type  : Fast 1200mV 0C Model Minimum Pulse Width 'audio1:audiocontrol|I2C_AV_Config:u3|mI2C_CTRL_CLK'
Slack : -1.000
TNS   : -58.000

Type  : Fast 1200mV 0C Model Minimum Pulse Width 'audio1:audiocontrol|audio_clock:u4|oAUD_BCK'
Slack : -1.000
TNS   : -36.000

Type  : Fast 1200mV 0C Model Minimum Pulse Width 'audio1:audiocontrol|audio_clock:u4|LRCK_1X'
Slack : -1.000
TNS   : -32.000

Type  : Fast 1200mV 0C Model Minimum Pulse Width 'CLOCK_27'
Slack : 18.093
TNS   : 0.000

Type  : Fast 1200mV 0C Model Minimum Pulse Width 'audiocontrol|p1|altpll_component|pll|clk[1]'
Slack : 27.557
TNS   : 0.000

------------------------------------------------------------
